../Core/Src/ILI9341_STM32_Driver.c:89:6:HAL_SPI_TxCpltCallback	16	static
../Core/Src/ILI9341_STM32_Driver.c:98:13:ILI9341_SPI_Tx	16	static
../Core/Src/ILI9341_STM32_Driver.c:105:13:ILI9341_SPI_TxBuffer	16	static
../Core/Src/ILI9341_STM32_Driver.c:112:6:ILI9341_WriteCommand	16	static
../Core/Src/ILI9341_STM32_Driver.c:120:6:ILI9341_WriteData	16	static
../Core/Src/ILI9341_STM32_Driver.c:128:6:ILI9341_WriteBuffer	16	static
../Core/Src/ILI9341_STM32_Driver.c:136:6:ILI9341_SetAddress	32	static
../Core/Src/ILI9341_STM32_Driver.c:158:6:ILI9341_Reset	8	static
../Core/Src/ILI9341_STM32_Driver.c:168:6:ILI9341_Enable	8	static
../Core/Src/ILI9341_STM32_Driver.c:173:6:ILI9341_Init	8	static
../Core/Src/ILI9341_STM32_Driver.c:309:6:ILI9341_SetRotation	16	static
../Core/Src/ILI9341_STM32_Driver.c:341:6:ILI9341_DrawColor	24	static
../Core/Src/ILI9341_STM32_Driver.c:347:6:ILI9341_DrawColorBurst	80	dynamic
../Core/Src/ILI9341_STM32_Driver.c:388:6:ILI9341_FillScreen	16	static
../Core/Src/ILI9341_STM32_Driver.c:394:6:ILI9341_DrawPixel	32	static
../Core/Src/ILI9341_STM32_Driver.c:412:6:ILI9341_DrawRectangle	24	static
../Core/Src/ILI9341_STM32_Driver.c:430:6:ILI9341_DrawHLine	24	static
../Core/Src/ILI9341_STM32_Driver.c:443:6:ILI9341_DrawVLine	24	static
