../Core/Src/main.c:89:13:LCD_DrawStaticUI	16	static
../Core/Src/main.c:132:13:LCD_UpdateWeight	64	static
../Core/Src/main.c:191:13:LCD_UpdateStatus	24	static
../Core/Src/main.c:222:5:main	16	static
../Core/Src/main.c:338:6:SystemClock_Config	88	static
../Core/Src/main.c:392:13:MX_RTC_Init	8	static
../Core/Src/main.c:427:13:MX_SPI4_Init	8	static
../Core/Src/main.c:465:13:MX_SPI5_Init	8	static
../Core/Src/main.c:503:13:MX_TIM2_Init	32	static
../Core/Src/main.c:548:13:MX_TIM6_Init	16	static
../Core/Src/main.c:586:13:MX_USART1_UART_Init	8	static
../Core/Src/main.c:617:13:MX_DMA_Init	16	static
../Core/Src/main.c:635:13:MX_GPIO_Init	56	static
../Core/Src/main.c:724:6:HAL_TIM_PeriodElapsedCallback	16	static
../Core/Src/main.c:737:6:Error_Handler	4	static,ignoring_inline_asm
