../Core/Src/main.c:92:9:DEC2BCD	16	static
../Core/Src/main.c:96:9:BCD2DEC	16	static
../Core/Src/main.c:101:6:DS1307_SetTime	48	static
../Core/Src/main.c:115:9:DS1307_GetTime	32	static
../Core/Src/main.c:139:5:main	32	static
../Core/Src/main.c:211:6:SystemClock_Config	88	static
../Core/Src/main.c:265:13:MX_I2C3_Init	8	static
../Core/Src/main.c:313:13:MX_RTC_Init	8	static
../Core/Src/main.c:348:13:MX_SPI4_Init	8	static
../Core/Src/main.c:386:13:MX_TIM2_Init	32	static
../Core/Src/main.c:431:13:MX_TIM6_Init	16	static
../Core/Src/main.c:469:13:MX_USART1_UART_Init	8	static
../Core/Src/main.c:502:13:MX_GPIO_Init	48	static
../Core/Src/main.c:577:6:Error_Handler	4	static,ignoring_inline_asm
